
> vue-admin-arco@2.0.0 dev /Users/zwj/GoAttack/GoAttack-Admin
> vite --config ./config/vite.config.dev.ts


  VITE v6.4.1  ready in 1544 ms

  ➜  Local:   http://localhost:5173/
  ➜  Network: http://192.168.50.242:5173/
2:13:44 PM [vite] (client) warning: 
/Users/zwj/GoAttack/GoAttack-Admin/src/views/login/components/login-form.vue
  67:24  warning  Delete `·`  prettier/prettier

✖ 1 problem (0 errors, 1 warning)
  0 errors and 1 warning potentially fixable with the `--fix` option.

  Plugin: vite-plugin-eslint
  File: /Users/zwj/GoAttack/GoAttack-Admin/src/views/login/components/login-form.vue
2:13:44 PM [vite] (client) warning: 
/Users/zwj/GoAttack/GoAttack-Admin/src/views/login/components/login-form.vue
  67:24  warning  Delete `·`  prettier/prettier

✖ 1 problem (0 errors, 1 warning)
  0 errors and 1 warning potentially fixable with the `--fix` option.

  Plugin: vite-plugin-eslint
  File: /Users/zwj/GoAttack/GoAttack-Admin/src/views/login/components/login-form.vue?vue&type=style&index=0&scoped=a9d7c157&lang.less
2:13:48 PM [vite] (client) warning: 
/Users/zwj/GoAttack/GoAttack-Admin/src/components/navbar/index.vue
  37:19  warning  Replace `⏎··········:content="⏎············theme·===·'light'·?·$t('settings.navbar.theme.toDark')·:·$t('settings.navbar.theme.toLight')⏎··········"⏎········` with `·:content="theme·===·'light'·?·$t('settings.navbar.theme.toDark')·:·$t('settings.navbar.theme.toLight')"`  prettier/prettier
  88:19  warning  Replace `⏎··········:content="⏎············isFullscreen·?·t('settings.navbar.screen.toExit')·:·t('settings.navbar.screen.toFull')⏎··········"⏎········` with `·:content="isFullscreen·?·t('settings.navbar.screen.toExit')·:·t('settings.navbar.screen.toFull')"`              prettier/prettier

✖ 2 problems (0 errors, 2 warnings)
  0 errors and 2 warnings potentially fixable with the `--fix` option.

  Plugin: vite-plugin-eslint
  File: /Users/zwj/GoAttack/GoAttack-Admin/src/components/navbar/index.vue
2:13:48 PM [vite] (client) warning: 
/Users/zwj/GoAttack/GoAttack-Admin/src/views/dashboard/workplace/components/vulnerability-detection-chart.vue
  49:5  warning  Unexpected console statement  no-console

✖ 1 problem (0 errors, 1 warning)

  Plugin: vite-plugin-eslint
  File: /Users/zwj/GoAttack/GoAttack-Admin/src/views/dashboard/workplace/components/vulnerability-detection-chart.vue
2:13:49 PM [vite] (client) warning: 
/Users/zwj/GoAttack/GoAttack-Admin/src/views/dashboard/workplace/components/data-panel.vue
  78:5  warning  Unexpected console statement  no-console

✖ 1 problem (0 errors, 1 warning)

  Plugin: vite-plugin-eslint
  File: /Users/zwj/GoAttack/GoAttack-Admin/src/views/dashboard/workplace/components/data-panel.vue
2:13:49 PM [vite] (client) warning: 
/Users/zwj/GoAttack/GoAttack-Admin/src/views/dashboard/workplace/components/new-poc.vue
  52:5  warning  Unexpected console statement  no-console

✖ 1 problem (0 errors, 1 warning)

  Plugin: vite-plugin-eslint
  File: /Users/zwj/GoAttack/GoAttack-Admin/src/views/dashboard/workplace/components/new-poc.vue
2:13:49 PM [vite] (client) warning: 
/Users/zwj/GoAttack/GoAttack-Admin/src/views/dashboard/workplace/components/vulnerabilities-percent.vue
  30:5  warning  Unexpected console statement  no-console

✖ 1 problem (0 errors, 1 warning)

  Plugin: vite-plugin-eslint
  File: /Users/zwj/GoAttack/GoAttack-Admin/src/views/dashboard/workplace/components/vulnerabilities-percent.vue
2:13:49 PM [vite] (client) warning: 
/Users/zwj/GoAttack/GoAttack-Admin/src/views/dashboard/workplace/components/scan-status.vue
  43:5  warning  Unexpected console statement  no-console

✖ 1 problem (0 errors, 1 warning)

  Plugin: vite-plugin-eslint
  File: /Users/zwj/GoAttack/GoAttack-Admin/src/views/dashboard/workplace/components/scan-status.vue
2:13:49 PM [vite] (client) warning: 
/Users/zwj/GoAttack/GoAttack-Admin/src/views/dashboard/workplace/components/risk-reminders.vue
  41:5  warning  Unexpected console statement  no-console

✖ 1 problem (0 errors, 1 warning)

  Plugin: vite-plugin-eslint
  File: /Users/zwj/GoAttack/GoAttack-Admin/src/views/dashboard/workplace/components/risk-reminders.vue
2:13:49 PM [vite] (client) warning: 
/Users/zwj/GoAttack/GoAttack-Admin/src/components/message-box/index.vue
    8:17  warning  Replace `⏎··········v-if="summary.unread_count·>·0"⏎··········:count="summary.unread_count"⏎··········:max-count="99"⏎··········style="margin-left:·6px"⏎·······` with `·v-if="summary.unread_count·>·0"·:count="summary.unread_count"·:max-count="99"·style="margin-left:·6px"`  prettier/prettier
  196:4   warning  Delete `⏎`                                                                                                                                                                                                                                                                        prettier/prettier

✖ 2 problems (0 errors, 2 warnings)
  0 errors and 2 warnings potentially fixable with the `--fix` option.

  Plugin: vite-plugin-eslint
  File: /Users/zwj/GoAttack/GoAttack-Admin/src/components/message-box/index.vue
2:13:49 PM [vite] (client) warning: 
/Users/zwj/GoAttack/GoAttack-Admin/src/components/navbar/index.vue
  37:19  warning  Replace `⏎··········:content="⏎············theme·===·'light'·?·$t('settings.navbar.theme.toDark')·:·$t('settings.navbar.theme.toLight')⏎··········"⏎········` with `·:content="theme·===·'light'·?·$t('settings.navbar.theme.toDark')·:·$t('settings.navbar.theme.toLight')"`  prettier/prettier
  88:19  warning  Replace `⏎··········:content="⏎············isFullscreen·?·t('settings.navbar.screen.toExit')·:·t('settings.navbar.screen.toFull')⏎··········"⏎········` with `·:content="isFullscreen·?·t('settings.navbar.screen.toExit')·:·t('settings.navbar.screen.toFull')"`              prettier/prettier

✖ 2 problems (0 errors, 2 warnings)
  0 errors and 2 warnings potentially fixable with the `--fix` option.

  Plugin: vite-plugin-eslint
  File: /Users/zwj/GoAttack/GoAttack-Admin/src/components/navbar/index.vue?vue&type=style&index=0&scoped=8d8000f3&lang.less
2:13:49 PM [vite] (client) warning: 
/Users/zwj/GoAttack/GoAttack-Admin/src/components/navbar/index.vue
  37:19  warning  Replace `⏎··········:content="⏎············theme·===·'light'·?·$t('settings.navbar.theme.toDark')·:·$t('settings.navbar.theme.toLight')⏎··········"⏎········` with `·:content="theme·===·'light'·?·$t('settings.navbar.theme.toDark')·:·$t('settings.navbar.theme.toLight')"`  prettier/prettier
  88:19  warning  Replace `⏎··········:content="⏎············isFullscreen·?·t('settings.navbar.screen.toExit')·:·t('settings.navbar.screen.toFull')⏎··········"⏎········` with `·:content="isFullscreen·?·t('settings.navbar.screen.toExit')·:·t('settings.navbar.screen.toFull')"`              prettier/prettier

✖ 2 problems (0 errors, 2 warnings)
  0 errors and 2 warnings potentially fixable with the `--fix` option.

  Plugin: vite-plugin-eslint
  File: /Users/zwj/GoAttack/GoAttack-Admin/src/components/navbar/index.vue?vue&type=style&index=1&lang.less
2:13:49 PM [vite] (client) warning: 
/Users/zwj/GoAttack/GoAttack-Admin/src/views/dashboard/workplace/components/data-panel.vue
  78:5  warning  Unexpected console statement  no-console

✖ 1 problem (0 errors, 1 warning)

  Plugin: vite-plugin-eslint
  File: /Users/zwj/GoAttack/GoAttack-Admin/src/views/dashboard/workplace/components/data-panel.vue?vue&type=style&index=0&scoped=2421d81b&lang.less
2:13:49 PM [vite] (client) warning: 
/Users/zwj/GoAttack/GoAttack-Admin/src/views/dashboard/workplace/components/scan-status.vue
  43:5  warning  Unexpected console statement  no-console

✖ 1 problem (0 errors, 1 warning)

  Plugin: vite-plugin-eslint
  File: /Users/zwj/GoAttack/GoAttack-Admin/src/views/dashboard/workplace/components/scan-status.vue?vue&type=style&index=0&scoped=e698ec30&lang.less
2:13:49 PM [vite] (client) warning: 
/Users/zwj/GoAttack/GoAttack-Admin/src/views/dashboard/workplace/components/vulnerability-detection-chart.vue
  49:5  warning  Unexpected console statement  no-console

✖ 1 problem (0 errors, 1 warning)

  Plugin: vite-plugin-eslint
  File: /Users/zwj/GoAttack/GoAttack-Admin/src/views/dashboard/workplace/components/vulnerability-detection-chart.vue?vue&type=style&index=0&scoped=e9ae0355&lang.less
2:13:49 PM [vite] (client) warning: 
/Users/zwj/GoAttack/GoAttack-Admin/src/views/dashboard/workplace/components/risk-reminders.vue
  41:5  warning  Unexpected console statement  no-console

✖ 1 problem (0 errors, 1 warning)

  Plugin: vite-plugin-eslint
  File: /Users/zwj/GoAttack/GoAttack-Admin/src/views/dashboard/workplace/components/risk-reminders.vue?vue&type=style&index=0&scoped=9a548ad7&lang.less
2:13:50 PM [vite] (client) warning: 
/Users/zwj/GoAttack/GoAttack-Admin/src/views/dashboard/workplace/components/new-poc.vue
  52:5  warning  Unexpected console statement  no-console

✖ 1 problem (0 errors, 1 warning)

  Plugin: vite-plugin-eslint
  File: /Users/zwj/GoAttack/GoAttack-Admin/src/views/dashboard/workplace/components/new-poc.vue?vue&type=style&index=0&scoped=8d7d01ea&lang.less
2:13:50 PM [vite] (client) warning: 
/Users/zwj/GoAttack/GoAttack-Admin/src/components/message-box/index.vue
    8:17  warning  Replace `⏎··········v-if="summary.unread_count·>·0"⏎··········:count="summary.unread_count"⏎··········:max-count="99"⏎··········style="margin-left:·6px"⏎·······` with `·v-if="summary.unread_count·>·0"·:count="summary.unread_count"·:max-count="99"·style="margin-left:·6px"`  prettier/prettier
  196:4   warning  Delete `⏎`                                                                                                                                                                                                                                                                        prettier/prettier

✖ 2 problems (0 errors, 2 warnings)
  0 errors and 2 warnings potentially fixable with the `--fix` option.

  Plugin: vite-plugin-eslint
  File: /Users/zwj/GoAttack/GoAttack-Admin/src/components/message-box/index.vue?vue&type=style&index=0&scoped=a2f656bf&lang.less
2:14:00 PM [vite] (client) warning: 
/Users/zwj/GoAttack/GoAttack-Admin/src/views/task/create/index.vue
    9:25  warning  Replace `⏎··············field="name"⏎··············label="任务名称"⏎··············:rules="[{·required:·true,·message:·'请输入任务名称'·}]"⏎············` with `·field="name"·label="任务名称"·:rules="[{·required:·true,·message:·'请输入任务名称'·}]"`                                                                 prettier/prettier
   18:25  warning  Replace `⏎··············field="type"⏎··············label="扫描类型"⏎··············:rules="[{·required:·true,·message:·'请选择扫描类型'·}]"⏎············` with `·field="type"·label="扫描类型"·:rules="[{·required:·true,·message:·'请选择扫描类型'·}]"`                                                                 prettier/prettier
   35:21  warning  Replace `⏎··············v-if="formData.type·===·'full'"⏎··············type="info"⏎··············:show-icon="true"` with `·v-if="formData.type·===·'full'"·type="info"·:show-icon="true">`                                                                                                         prettier/prettier
   39:13  warning  Replace `>全量扫描：主机存活探测·→·TCP/UDP·端口扫描（TOP1000）→·弱口令验证·→·Web·目录扫描·→·子域名枚举·→·Web·指纹识别·→·POC·漏洞验证` with `··全量扫描：主机存活探测·→·TCP/UDP·端口扫描（TOP1000）→·弱口令验证·→·Web·目录扫描·→·子域名枚举·→·Web·指纹识别·→·POC·漏洞验证⏎············`                                                                                          prettier/prettier
   40:21  warning  Replace `⏎··············v-else-if="formData.type·===·'quick'"⏎··············type="success"⏎··············:show-icon="true"` with `·v-else-if="formData.type·===·'quick'"·type="success"·:show-icon="true">`                                                                                       prettier/prettier
   44:13  warning  Replace `>快速扫描：主机存活探测·→·TCP·端口扫描（TOP1000）→·弱口令验证·→·Web·指纹识别·→·POC·漏洞验证` with `··快速扫描：主机存活探测·→·TCP·端口扫描（TOP1000）→·弱口令验证·→·Web·指纹识别·→·POC·漏洞验证⏎············`                                                                                                                                        prettier/prettier
   45:21  warning  Replace `⏎··············v-else-if="formData.type·===·'custom'"⏎··············type="warning"⏎··············:show-icon="true"` with `·v-else-if="formData.type·===·'custom'"·type="warning"·:show-icon="true">`                                                                                     prettier/prettier
   49:13  warning  Replace `>自定义扫描：根据下方勾选项自定义扫描内容，灵活配置各扫描模块` with `··自定义扫描：根据下方勾选项自定义扫描内容，灵活配置各扫描模块⏎············`                                                                                                                                                                                                    prettier/prettier
   56:25  warning  Replace `⏎··············field="target"⏎··············label="扫描目标"⏎··············:rules="[{·required:·true,·message:·'请输入扫描目标'·}]"⏎············` with `·field="target"·label="扫描目标"·:rules="[{·required:·true,·message:·'请输入扫描目标'·}]"`                                                             prettier/prettier
   79:24  warning  Replace `⏎····················v-if="!isGobusterEnabled"⏎····················style="color:·red;·font-size:·12px;·margin-left:·4px"⏎··················` with `·v-if="!isGobusterEnabled"·style="color:·red;·font-size:·12px;·margin-left:·4px"`                                                     prettier/prettier
   90:24  warning  Replace `⏎····················v-if="!isGobusterEnabled"⏎····················style="color:·red;·font-size:·12px;·margin-left:·4px"⏎··················` with `·v-if="!isGobusterEnabled"·style="color:·red;·font-size:·12px;·margin-left:·4px"`                                                     prettier/prettier
   99:72  warning  Replace `⏎··················启用服务弱口令暴力破解⏎················` with `启用服务弱口令暴力破解`                                                                                                                                                                                                                      prettier/prettier
  106:67  warning  Replace `⏎··················启用·UDP·端口扫描（需·root·权限）⏎················` with `启用·UDP·端口扫描（需·root·权限）`                                                                                                                                                                                                prettier/prettier
  120:73  warning  Replace `⏎··················开启主机存活探测（ICMP·Ping）⏎················` with `开启主机存活探测（ICMP·Ping）`                                                                                                                                                                                                      prettier/prettier
  127:68  warning  Replace `⏎··················开启·TCP·端口扫描⏎················` with `开启·TCP·端口扫描`                                                                                                                                                                                                                      prettier/prettier
  134:67  warning  Replace `⏎··················开启·UDP·端口扫描⏎················` with `开启·UDP·端口扫描`                                                                                                                                                                                                                      prettier/prettier
  143:74  warning  Replace `⏎··················开启·Web·指纹识别⏎················` with `开启·Web·指纹识别`                                                                                                                                                                                                                      prettier/prettier
  152:28  warning  Replace `⏎··················v-model="scanOptions.enable_poc_verify"⏎··················:disabled="!scanOptions.enable_web_fingerprint"⏎················` with `·v-model="scanOptions.enable_poc_verify"·:disabled="!scanOptions.enable_web_fingerprint"`                                           prettier/prettier
  157:24  warning  Replace `⏎····················v-if="!scanOptions.enable_web_fingerprint"⏎····················style="color:·red;·font-size:·12px;·margin-left:·4px"` with `·v-if="!scanOptions.enable_web_fingerprint"·style="color:·red;·font-size:·12px;·margin-left:·4px">`                                     prettier/prettier
  160:19  warning  Replace `>(需先开启·Web·指纹识别)` with `··(需先开启·Web·指纹识别)⏎··················`                                                                                                                                                                                                                            prettier/prettier
  168:24  warning  Replace `⏎····················v-if="!isGobusterEnabled"⏎····················style="color:·red;·font-size:·12px;·margin-left:·4px"⏎··················` with `·v-if="!isGobusterEnabled"·style="color:·red;·font-size:·12px;·margin-left:·4px"`                                                     prettier/prettier
  177:28  warning  Replace `⏎··················v-model="scanOptions.enable_subdomain_enum"⏎··················:disabled="!isGobusterEnabled"⏎················` with `·v-model="scanOptions.enable_subdomain_enum"·:disabled="!isGobusterEnabled"`                                                                     prettier/prettier
  182:24  warning  Replace `⏎····················v-if="!isGobusterEnabled"⏎····················style="color:·red;·font-size:·12px;·margin-left:·4px"⏎··················` with `·v-if="!isGobusterEnabled"·style="color:·red;·font-size:·12px;·margin-left:·4px"`                                                     prettier/prettier
  193:72  warning  Replace `⏎··················启用服务弱口令暴力破解⏎················` with `启用服务弱口令暴力破解`                                                                                                                                                                                                                      prettier/prettier
  206:23  warning  Replace `⏎················v-model="scanOptions.ports"⏎················placeholder="例如:·top1000·或·80,443,8080"⏎················autocomplete="off"⏎·············` with `·v-model="scanOptions.ports"·placeholder="例如:·top1000·或·80,443,8080"·autocomplete="off"`                                    prettier/prettier
  225:30  warning  Replace `⏎················v-model="scanOptions.threads"⏎················:min="1"⏎················:max="500"⏎················placeholder="线程数"⏎················style="width:·100%"⏎·············` with `·v-model="scanOptions.threads"·:min="1"·:max="500"·placeholder="线程数"·style="width:·100%"`  prettier/prettier
  236:30  warning  Replace `⏎················v-model="scanOptions.timeout"⏎················:min="1"⏎················:max="3600"⏎················placeholder="超时"⏎················style="width:·100%"⏎·············` with `·v-model="scanOptions.timeout"·:min="1"·:max="3600"·placeholder="超时"·style="width:·100%"`  prettier/prettier
  254:91  warning  Replace `⏎················创建任务⏎··············` with `创建任务`                                                                                                                                                                                                                                        prettier/prettier
  276:19  warning  Replace `⏎············v-model="scanOptions.blacklist_ports"⏎············placeholder="例如:·22,3306"⏎············autocomplete="off"⏎·········` with `·v-model="scanOptions.blacklist_ports"·placeholder="例如:·22,3306"·autocomplete="off"`                                                            prettier/prettier

✖ 29 problems (0 errors, 29 warnings)
  0 errors and 29 warnings potentially fixable with the `--fix` option.

  Plugin: vite-plugin-eslint
  File: /Users/zwj/GoAttack/GoAttack-Admin/src/views/task/create/index.vue
2:14:00 PM [vite] (client) warning: 
/Users/zwj/GoAttack/GoAttack-Admin/src/views/task/create/index.vue
    9:25  warning  Replace `⏎··············field="name"⏎··············label="任务名称"⏎··············:rules="[{·required:·true,·message:·'请输入任务名称'·}]"⏎············` with `·field="name"·label="任务名称"·:rules="[{·required:·true,·message:·'请输入任务名称'·}]"`                                                                 prettier/prettier
   18:25  warning  Replace `⏎··············field="type"⏎··············label="扫描类型"⏎··············:rules="[{·required:·true,·message:·'请选择扫描类型'·}]"⏎············` with `·field="type"·label="扫描类型"·:rules="[{·required:·true,·message:·'请选择扫描类型'·}]"`                                                                 prettier/prettier
   35:21  warning  Replace `⏎··············v-if="formData.type·===·'full'"⏎··············type="info"⏎··············:show-icon="true"` with `·v-if="formData.type·===·'full'"·type="info"·:show-icon="true">`                                                                                                         prettier/prettier
   39:13  warning  Replace `>全量扫描：主机存活探测·→·TCP/UDP·端口扫描（TOP1000）→·弱口令验证·→·Web·目录扫描·→·子域名枚举·→·Web·指纹识别·→·POC·漏洞验证` with `··全量扫描：主机存活探测·→·TCP/UDP·端口扫描（TOP1000）→·弱口令验证·→·Web·目录扫描·→·子域名枚举·→·Web·指纹识别·→·POC·漏洞验证⏎············`                                                                                          prettier/prettier
   40:21  warning  Replace `⏎··············v-else-if="formData.type·===·'quick'"⏎··············type="success"⏎··············:show-icon="true"` with `·v-else-if="formData.type·===·'quick'"·type="success"·:show-icon="true">`                                                                                       prettier/prettier
   44:13  warning  Replace `>快速扫描：主机存活探测·→·TCP·端口扫描（TOP1000）→·弱口令验证·→·Web·指纹识别·→·POC·漏洞验证` with `··快速扫描：主机存活探测·→·TCP·端口扫描（TOP1000）→·弱口令验证·→·Web·指纹识别·→·POC·漏洞验证⏎············`                                                                                                                                        prettier/prettier
   45:21  warning  Replace `⏎··············v-else-if="formData.type·===·'custom'"⏎··············type="warning"⏎··············:show-icon="true"` with `·v-else-if="formData.type·===·'custom'"·type="warning"·:show-icon="true">`                                                                                     prettier/prettier
   49:13  warning  Replace `>自定义扫描：根据下方勾选项自定义扫描内容，灵活配置各扫描模块` with `··自定义扫描：根据下方勾选项自定义扫描内容，灵活配置各扫描模块⏎············`                                                                                                                                                                                                    prettier/prettier
   56:25  warning  Replace `⏎··············field="target"⏎··············label="扫描目标"⏎··············:rules="[{·required:·true,·message:·'请输入扫描目标'·}]"⏎············` with `·field="target"·label="扫描目标"·:rules="[{·required:·true,·message:·'请输入扫描目标'·}]"`                                                             prettier/prettier
   79:24  warning  Replace `⏎····················v-if="!isGobusterEnabled"⏎····················style="color:·red;·font-size:·12px;·margin-left:·4px"⏎··················` with `·v-if="!isGobusterEnabled"·style="color:·red;·font-size:·12px;·margin-left:·4px"`                                                     prettier/prettier
   90:24  warning  Replace `⏎····················v-if="!isGobusterEnabled"⏎····················style="color:·red;·font-size:·12px;·margin-left:·4px"⏎··················` with `·v-if="!isGobusterEnabled"·style="color:·red;·font-size:·12px;·margin-left:·4px"`                                                     prettier/prettier
   99:72  warning  Replace `⏎··················启用服务弱口令暴力破解⏎················` with `启用服务弱口令暴力破解`                                                                                                                                                                                                                      prettier/prettier
  106:67  warning  Replace `⏎··················启用·UDP·端口扫描（需·root·权限）⏎················` with `启用·UDP·端口扫描（需·root·权限）`                                                                                                                                                                                                prettier/prettier
  120:73  warning  Replace `⏎··················开启主机存活探测（ICMP·Ping）⏎················` with `开启主机存活探测（ICMP·Ping）`                                                                                                                                                                                                      prettier/prettier
  127:68  warning  Replace `⏎··················开启·TCP·端口扫描⏎················` with `开启·TCP·端口扫描`                                                                                                                                                                                                                      prettier/prettier
  134:67  warning  Replace `⏎··················开启·UDP·端口扫描⏎················` with `开启·UDP·端口扫描`                                                                                                                                                                                                                      prettier/prettier
  143:74  warning  Replace `⏎··················开启·Web·指纹识别⏎················` with `开启·Web·指纹识别`                                                                                                                                                                                                                      prettier/prettier
  152:28  warning  Replace `⏎··················v-model="scanOptions.enable_poc_verify"⏎··················:disabled="!scanOptions.enable_web_fingerprint"⏎················` with `·v-model="scanOptions.enable_poc_verify"·:disabled="!scanOptions.enable_web_fingerprint"`                                           prettier/prettier
  157:24  warning  Replace `⏎····················v-if="!scanOptions.enable_web_fingerprint"⏎····················style="color:·red;·font-size:·12px;·margin-left:·4px"` with `·v-if="!scanOptions.enable_web_fingerprint"·style="color:·red;·font-size:·12px;·margin-left:·4px">`                                     prettier/prettier
  160:19  warning  Replace `>(需先开启·Web·指纹识别)` with `··(需先开启·Web·指纹识别)⏎··················`                                                                                                                                                                                                                            prettier/prettier
  168:24  warning  Replace `⏎····················v-if="!isGobusterEnabled"⏎····················style="color:·red;·font-size:·12px;·margin-left:·4px"⏎··················` with `·v-if="!isGobusterEnabled"·style="color:·red;·font-size:·12px;·margin-left:·4px"`                                                     prettier/prettier
  177:28  warning  Replace `⏎··················v-model="scanOptions.enable_subdomain_enum"⏎··················:disabled="!isGobusterEnabled"⏎················` with `·v-model="scanOptions.enable_subdomain_enum"·:disabled="!isGobusterEnabled"`                                                                     prettier/prettier
  182:24  warning  Replace `⏎····················v-if="!isGobusterEnabled"⏎····················style="color:·red;·font-size:·12px;·margin-left:·4px"⏎··················` with `·v-if="!isGobusterEnabled"·style="color:·red;·font-size:·12px;·margin-left:·4px"`                                                     prettier/prettier
  193:72  warning  Replace `⏎··················启用服务弱口令暴力破解⏎················` with `启用服务弱口令暴力破解`                                                                                                                                                                                                                      prettier/prettier
  206:23  warning  Replace `⏎················v-model="scanOptions.ports"⏎················placeholder="例如:·top1000·或·80,443,8080"⏎················autocomplete="off"⏎·············` with `·v-model="scanOptions.ports"·placeholder="例如:·top1000·或·80,443,8080"·autocomplete="off"`                                    prettier/prettier
  225:30  warning  Replace `⏎················v-model="scanOptions.threads"⏎················:min="1"⏎················:max="500"⏎················placeholder="线程数"⏎················style="width:·100%"⏎·············` with `·v-model="scanOptions.threads"·:min="1"·:max="500"·placeholder="线程数"·style="width:·100%"`  prettier/prettier
  236:30  warning  Replace `⏎················v-model="scanOptions.timeout"⏎················:min="1"⏎················:max="3600"⏎················placeholder="超时"⏎················style="width:·100%"⏎·············` with `·v-model="scanOptions.timeout"·:min="1"·:max="3600"·placeholder="超时"·style="width:·100%"`  prettier/prettier
  254:91  warning  Replace `⏎················创建任务⏎··············` with `创建任务`                                                                                                                                                                                                                                        prettier/prettier
  276:19  warning  Replace `⏎············v-model="scanOptions.blacklist_ports"⏎············placeholder="例如:·22,3306"⏎············autocomplete="off"⏎·········` with `·v-model="scanOptions.blacklist_ports"·placeholder="例如:·22,3306"·autocomplete="off"`                                                            prettier/prettier

✖ 29 problems (0 errors, 29 warnings)
  0 errors and 29 warnings potentially fixable with the `--fix` option.

  Plugin: vite-plugin-eslint
  File: /Users/zwj/GoAttack/GoAttack-Admin/src/views/task/create/index.vue?vue&type=style&index=0&scoped=1c622146&lang.less
2:14:02 PM [vite] Internal server error: 
/Users/zwj/GoAttack/GoAttack-Admin/src/views/vuln/info/index.vue
  620:9   error  Use object destructuring  prefer-destructuring
  626:37  error  Unary operator '++' used  no-plusplus
  630:7   error  Unary operator '++' used  no-plusplus

✖ 3 problems (3 errors, 0 warnings)
  1 error and 0 warnings potentially fixable with the `--fix` option.

  Plugin: vite-plugin-eslint
  File: /Users/zwj/GoAttack/GoAttack-Admin/src/views/vuln/info/index.vue
      at TransformPluginContext._formatLog (file:///Users/zwj/GoAttack/GoAttack-Admin/node_modules/.pnpm/vite@6.4.1_@types+node@25.0.6_jiti@2.6.1_less@4.1.3_sugarss@2.0.0_yaml@2.8.2/node_modules/vite/dist/node/chunks/dep-D4NMHUTW.js:42528:41)
      at TransformPluginContext.error (file:///Users/zwj/GoAttack/GoAttack-Admin/node_modules/.pnpm/vite@6.4.1_@types+node@25.0.6_jiti@2.6.1_less@4.1.3_sugarss@2.0.0_yaml@2.8.2/node_modules/vite/dist/node/chunks/dep-D4NMHUTW.js:42525:16)
      at TransformPluginContext.transform (/Users/zwj/GoAttack/GoAttack-Admin/node_modules/.pnpm/vite-plugin-eslint@1.8.1_eslint@8.57.0_vite@6.4.1_@types+node@25.0.6_jiti@2.6.1_less@4.1.3_sugarss@2.0.0_yaml@2.8.2_/node_modules/vite-plugin-eslint/dist/index.js:1:2469)
      at async EnvironmentPluginContainer.transform (file:///Users/zwj/GoAttack/GoAttack-Admin/node_modules/.pnpm/vite@6.4.1_@types+node@25.0.6_jiti@2.6.1_less@4.1.3_sugarss@2.0.0_yaml@2.8.2/node_modules/vite/dist/node/chunks/dep-D4NMHUTW.js:42323:18)
      at async loadAndTransform (file:///Users/zwj/GoAttack/GoAttack-Admin/node_modules/.pnpm/vite@6.4.1_@types+node@25.0.6_jiti@2.6.1_less@4.1.3_sugarss@2.0.0_yaml@2.8.2/node_modules/vite/dist/node/chunks/dep-D4NMHUTW.js:35739:27)
2:14:05 PM [vite] (client) warning: 
/Users/zwj/GoAttack/GoAttack-Admin/src/views/report/list/index.vue
   39:23  warning  Replace `·:status="record.status·===·'completed'·||·record.status·===·'finished'·?·'success'·:·'normal'"·:text="getStatusText(record.status)"` with `⏎················:status="record.status·===·'completed'·||·record.status·===·'finished'·?·'success'·:·'normal'"⏎················:text="getStatusText(record.status)"⏎·············`  prettier/prettier
  106:22  warning  Replace `·finished:·'已完成',` with `⏎····finished:·'已完成',⏎···`                                                                                                                                                                                                                                                                              prettier/prettier
  107:20  warning  Replace `·stopped:·'已停止',·failed:·'失败',` with `⏎····stopped:·'已停止',⏎····failed:·'失败',⏎···`                                                                                                                                                                                                                                                prettier/prettier
  116:24  warning  Replace `(data.list·||·[])` with `data.list·||·[]`                                                                                                                                                                                                                                                                                        prettier/prettier

✖ 4 problems (0 errors, 4 warnings)
  0 errors and 4 warnings potentially fixable with the `--fix` option.

  Plugin: vite-plugin-eslint
  File: /Users/zwj/GoAttack/GoAttack-Admin/src/views/report/list/index.vue
2:14:05 PM [vite] (client) warning: 
/Users/zwj/GoAttack/GoAttack-Admin/src/views/report/list/index.vue
   39:23  warning  Replace `·:status="record.status·===·'completed'·||·record.status·===·'finished'·?·'success'·:·'normal'"·:text="getStatusText(record.status)"` with `⏎················:status="record.status·===·'completed'·||·record.status·===·'finished'·?·'success'·:·'normal'"⏎················:text="getStatusText(record.status)"⏎·············`  prettier/prettier
  106:22  warning  Replace `·finished:·'已完成',` with `⏎····finished:·'已完成',⏎···`                                                                                                                                                                                                                                                                              prettier/prettier
  107:20  warning  Replace `·stopped:·'已停止',·failed:·'失败',` with `⏎····stopped:·'已停止',⏎····failed:·'失败',⏎···`                                                                                                                                                                                                                                                prettier/prettier
  116:24  warning  Replace `(data.list·||·[])` with `data.list·||·[]`                                                                                                                                                                                                                                                                                        prettier/prettier

✖ 4 problems (0 errors, 4 warnings)
  0 errors and 4 warnings potentially fixable with the `--fix` option.

  Plugin: vite-plugin-eslint
  File: /Users/zwj/GoAttack/GoAttack-Admin/src/views/report/list/index.vue?vue&type=style&index=0&scoped=fc5a09e8&lang.less
2:14:07 PM [vite] (client) warning: 
/Users/zwj/GoAttack/GoAttack-Admin/src/views/plugin/list/index.vue
  132:5  warning  Unexpected console statement  no-console

✖ 1 problem (0 errors, 1 warning)

  Plugin: vite-plugin-eslint
  File: /Users/zwj/GoAttack/GoAttack-Admin/src/views/plugin/list/index.vue
2:14:07 PM [vite] (client) warning: 
/Users/zwj/GoAttack/GoAttack-Admin/src/views/plugin/list/index.vue
  132:5  warning  Unexpected console statement  no-console

✖ 1 problem (0 errors, 1 warning)

  Plugin: vite-plugin-eslint
  File: /Users/zwj/GoAttack/GoAttack-Admin/src/views/plugin/list/index.vue?vue&type=style&index=0&scoped=9a16f265&lang.less
2:14:11 PM [vite] (client) warning: 
/Users/zwj/GoAttack/GoAttack-Admin/src/views/setting/index.vue
  147:5  warning  Unexpected console statement  no-console
  151:5  warning  Unexpected console statement  no-console

✖ 2 problems (0 errors, 2 warnings)

  Plugin: vite-plugin-eslint
  File: /Users/zwj/GoAttack/GoAttack-Admin/src/views/setting/index.vue
2:14:11 PM [vite] (client) warning: 
/Users/zwj/GoAttack/GoAttack-Admin/src/views/setting/index.vue
  147:5  warning  Unexpected console statement  no-console
  151:5  warning  Unexpected console statement  no-console

✖ 2 problems (0 errors, 2 warnings)

  Plugin: vite-plugin-eslint
  File: /Users/zwj/GoAttack/GoAttack-Admin/src/views/setting/index.vue?vue&type=style&index=0&scoped=ee5ef2fb&lang.less
